../Core/Src/main.c:68:6:displayClock	16	static
../Core/Src/main.c:84:6:clearAllClock	16	static
../Core/Src/main.c:90:6:setNumberOnClock	16	static
../Core/Src/main.c:94:6:clearNumberOnClock	16	static
../Core/Src/main.c:99:6:exercise6	8	static
../Core/Src/main.c:106:6:completeClock	8	static
../Core/Src/main.c:128:5:main	8	static
../Core/Src/main.c:173:6:SystemClock_Config	72	static
../Core/Src/main.c:210:13:MX_GPIO_Init	32	static
../Core/Src/main.c:243:6:Error_Handler	4	static,ignoring_inline_asm
