../Core/Src/main.c:75:6:turnLedOn	16	static
../Core/Src/main.c:79:6:turnLedOff	16	static
../Core/Src/main.c:83:6:toggleLed	16	static
../Core/Src/main.c:87:6:exercise1	8	static
../Core/Src/main.c:100:6:trafficLight1State	16	static
../Core/Src/main.c:124:6:trafficLight2State	16	static
../Core/Src/main.c:148:6:exercise2	8	static
../Core/Src/main.c:161:6:exercise3	8	static
../Core/Src/main.c:185:5:main	8	static
../Core/Src/main.c:231:6:SystemClock_Config	72	static
../Core/Src/main.c:268:13:MX_GPIO_Init	32	static
../Core/Src/main.c:298:6:Error_Handler	4	static,ignoring_inline_asm
