../Core/Src/main.c:72:6:turnLedOn	16	static
../Core/Src/main.c:76:6:turnLedOff	16	static
../Core/Src/main.c:80:6:toggleLed	16	static
../Core/Src/main.c:84:6:exercise1	8	static
../Core/Src/main.c:97:6:trafficLight1State	16	static
../Core/Src/main.c:126:6:trafficLight2State	16	static
../Core/Src/main.c:155:6:exercise2	8	static
../Core/Src/main.c:182:6:exercise3	8	static
../Core/Src/main.c:224:5:main	8	static
../Core/Src/main.c:270:6:SystemClock_Config	72	static
../Core/Src/main.c:307:13:MX_GPIO_Init	32	static
../Core/Src/main.c:337:6:Error_Handler	4	static,ignoring_inline_asm
